#
# Copyright (c) 2019 Stackinsights to present
# All rights reserved
#
errorreason: null
logs:
  {{- contains .logs }}
  # FIXME: issues/8752, now first entry is not verified at all
  - e2e-placeholder: workaround-placeholder-for-e2e
    placeholder: ISHOULDNOTEXIST
  - servicename: e2e-service-provider
    serviceid: {{ b64enc "e2e-service-provider" }}.1
    serviceinstancename: {{ regexp .serviceinstancename "provider.*" }}
    serviceinstanceid: {{ regexp .serviceinstanceid "ZTJlLXNlcnZpY2UtcHJvdmlkZXI.*" }}
    endpointname: /artist-provider
    endpointid: {{ b64enc "e2e-service-provider" }}.1_{{ b64enc "/artist-provider" }}
    traceid: {{ notEmpty .traceid }}
    timestamp: {{ gt .timestamp 0 }}
    contenttype: TEXT
    content: {{ regexp .content "(?s).+Leak basic auth info at https://example.com"}}
    tags:
    {{- contains .tags }}
    - key: level
      value: WARNING
    - key: logger
      value: {{ notEmpty .value }}
    - key: thread
      value: {{ notEmpty .value }}
    {{- end }}
  - servicename: e2e-service-provider
    serviceid: {{ b64enc "e2e-service-provider" }}.1
    serviceinstancename: {{ regexp .serviceinstancename "provider.*" }}
    serviceinstanceid: {{ regexp .serviceinstanceid "ZTJlLXNlcnZpY2UtcHJvdmlkZXI.*" }}
    endpointname: /artist-provider
    endpointid: {{ b64enc "e2e-service-provider" }}.1_{{ b64enc "/artist-provider" }}
    traceid: {{ notEmpty .traceid }}
    timestamp: {{ gt .timestamp 0 }}
    contenttype: TEXT
    content: {{ regexp .content "(?s).+E2E Provider Warning.+"}}
    tags:
    {{- contains .tags }}
    - key: level
      value: WARNING
    - key: logger
      value: {{ notEmpty .value }}
    - key: thread
      value: {{ notEmpty .value }}
    {{- end }}
  - servicename: e2e-service-provider
    serviceid: {{ b64enc "e2e-service-provider" }}.1
    serviceinstancename: {{ regexp .serviceinstancename "provider.*" }}
    serviceinstanceid: {{ regexp .serviceinstanceid "ZTJlLXNlcnZpY2UtcHJvdmlkZXI.*" }}
    endpointname: /artist-provider
    endpointid: {{ b64enc "e2e-service-provider" }}.1_{{ b64enc "/artist-provider" }}
    traceid: {{ notEmpty .traceid }}
    timestamp: {{ gt .timestamp 0 }}
    contenttype: TEXT
    content: {{ regexp .content "(?s).+E2E Provider Exception.+Traceback(most recent call last).+" }}
    tags:
    {{- contains .tags }}
    - key: level
      value: ERROR
    - key: logger
      value: {{ notEmpty .value }}
    - key: thread
      value: {{ notEmpty .value }}
    {{- end }}
  {{- end }}
