#
# Copyright (c) 2019 Stackinsights to present
# All rights reserved
#
id: {{ notEmpty .id }}
errorreason: null
