#
# Copyright (c) 2019 Stackinsights to present
# All rights reserved
#
{{- contains . }}
- id: {{ notEmpty .id }}
  serviceid: {{ b64enc "e2e-service-provider" }}.1
  servicename: ""
  endpointname: /artist-provider
  starttime: {{ gt .starttime 0 }}
  duration: 5
  mindurationthreshold: 0
  dumpperiod: 10
  maxsamplingcount: 5
  logs:
    {{- contains .logs }}
    - id: {{ notEmpty .id }}
      # base64 encoded version of e2e-service-provider=._instance_id
      instanceid: {{ regexp .instanceid "ZTJlLXNlcnZpY2UtcHJvdmlkZXI.*" }}
      operationtype: NOTIFIED
      instancename: ""
      operationtime: {{ gt .operationtime 0 }}
    {{- end }}
{{- end }}
