#
# Copyright (c) 2019 Stackinsights to present
# All rights reserved
#
  {{- contains . }}
- id: {{ b64enc "e2e-service-provider" }}.1_{{ b64enc "/artist-provider" }}
  name: /artist-provider
  {{- end }}
