#
# Copyright (c) 2019 Stackinsights to present
# All rights reserved
#
# todo check precisely 5 times repeat, for multiprocessings
traces:
  {{- contains .traces }}
  - segmentid: {{ notEmpty .segmentid }}
    endpointnames:
    {{- contains .endpointnames }}
      - /artist-provider
    {{- end }}
    duration: {{ ge .duration 0 }}
    start: {{ notEmpty .start}}
    iserror: false
    traceids:
      - {{ (index .traceids 0) }}
  {{- end }}
