#
# Copyright (c) 2019 Stackinsights to present
# All rights reserved
#
spans:
{{- contains .spans }}
- traceid: {{ notEmpty .traceid }}
  segmentid: {{ notEmpty .segmentid }}
  spanid: {{ .spanid }}
  parentspanid: {{ .parentspanid }}
  refs: []
  servicecode: "e2e-service-consumer|namespace"
  serviceinstancename: {{ regexp .serviceinstancename "consumer.*" }}
  starttime: {{ gt .starttime 0 }}
  endtime: {{ gt .endtime 0 }}
  endpointname: /artist-consumer
  type: Entry
  peer: {{ notEmpty .peer }}
  # component depends on the docker-compose test case provider consumer's framework
  component: {{ regexp .component "Flask|FastAPI" }}
  iserror: false
  layer: Http
  tags:
    {{- contains .tags }}
    - key: http.method
      value: POST
    - key: http.url
      value: {{ notEmpty .value }}
    - key: http.status_code
      value: "200"
    {{- end }}
  logs: []
  attachedevents: []
- traceid: {{ notEmpty .traceid }}
  segmentid: {{ notEmpty .segmentid }}
  spanid: {{ .spanid }}
  parentspanid: {{ .parentspanid }}
  refs: []
  servicecode: "e2e-service-consumer|namespace"
  serviceinstancename: {{ regexp .serviceinstancename "consumer.*" }}
  starttime: {{ gt .starttime 0 }}
  endtime: {{ gt .endtime 0 }}
  endpointname: /artist-provider
  type: Exit
  peer: provider:9090
  component: {{ regexp .component "AioHttp|Requests" }}
  iserror: false
  layer: Http
  tags:
    {{- contains .tags }}
    - key: http.method
      value: POST
    - key: http.url
      value: http://provider:9090/artist-provider
    - key: http.status_code
      value: "200"
    {{- end }}
  logs: []
  attachedevents: []
- traceid: {{ notEmpty .traceid }}
  segmentid: {{ notEmpty .segmentid }}
  spanid: {{ .spanid }}
  parentspanid: {{ .parentspanid }}
  refs:
    {{- contains .refs }}
    - traceid: {{ notEmpty .traceid }}
      parentsegmentid: {{ .parentsegmentid }}
      parentspanid: {{ .parentspanid }}
      type: CROSS_PROCESS
    {{- end }}
  servicecode: e2e-service-provider
  serviceinstancename: {{ regexp .serviceinstancename "provider.*" }}
  starttime: {{ gt .starttime 0 }}
  endtime: {{ gt .endtime 0 }}
  endpointname: /artist-provider
  type: Entry
  peer: {{ notEmpty .peer }}
  component: {{ regexp .component "FastAPI|Flask" }}
  iserror: false
  layer: Http
  tags:
    {{- contains .tags }}
    - key: http.method
      value: POST
    - key: http.url
      # Change OAP side e2e from url -> http.url # why is oap e2e passing?? todo check with custom e2e build
      value: http://provider:9090/artist-provider
    - key: http.status_code
      # Change OAP side e2e from status.code -> http.status_code
      value: "200"
    {{- end }}
  logs: []
  attachedevents: []
{{- end }}
